<html>
<body>
<pre>
<h1>µVision Build Log</h1>
<h2>Tool Versions:</h2>
IDE-Version: ¦ÌVision V5.34.0.0
Copyright (C) 2021 ARM Ltd and ARM Germany GmbH. All rights reserved.
License Information: 1 admin, 1, LIC=FQQMA-1PC40-INPA7-ECFEZ-F98MZ-N9GWA
 
Tool Versions:
Toolchain:       MDK-ARM Professional  Version: 5.34.0.0
Toolchain Path:  E:\Keil5_MDK\ARM\ARMCLANG\Bin
C Compiler:      ArmClang.exe V6.16
Assembler:       Armasm.exe V6.16
Linker/Locator:  ArmLink.exe V6.16
Library Manager: ArmAr.exe V6.16
Hex Converter:   FromElf.exe V6.16
CPU DLL:         SARMCM3.DLL V5.34.0.0
Dialog DLL:      DCM.DLL V1.17.3.0
Target DLL:      STLink\ST-LINKIII-KEIL_SWO.dll V3.0.8.0
Dialog DLL:      TCM.DLL V1.48.0.0
 
<h2>Project:</h2>
E:\LIFTNODE\102ONGOING-DEV with acc\BASELINE\NODE -FULL-OLED-LED-BEEPER-BUTTON-IMU\PROJECT\MDK-ARM\PROJECT.uvprojx
Project File Date:  10/18/2024

<h2>Output:</h2>
*** Using Compiler 'V6.16', folder: 'E:\Keil5_MDK\ARM\ARMCLANG\Bin'
Build target 'PROJECT'
compiling app_control.c...
compiling recovery.c...
compiling main.c...
compiling diagnosis.c...
linking...
Program Size: Code=54360 RO-data=5500 RW-data=120 ZI-data=22384  
FromELF: creating hex file...
"PROJECT\PROJECT.axf" - 0 Error(s), 0 Warning(s).

<h2>Software Packages used:</h2>

Package Vendor: ARM
                https://www.keil.com/pack/ARM.CMSIS.6.1.0.pack
                ARM.CMSIS.6.1.0
                CMSIS (Common Microcontroller Software Interface Standard)
   * Component: CORE Version: 6.1.0

Package Vendor: Keil
                https://www.keil.com/pack/Keil.STM32H7xx_DFP.3.1.1.pack
                Keil.STM32H7xx_DFP.3.1.1
                STMicroelectronics STM32H7 Series Device Support and Examples

<h2>Collection of Component include folders:</h2>
  .\RTE\_PROJECT
  E:\Keil5_MDK\ARM\CMSIS\6.1.0\CMSIS\Core\Include
  E:\Keil5_MDK\Keil\STM32H7xx_DFP\3.1.1\Drivers\CMSIS\Device\ST\STM32H7xx\Include

<h2>Collection of Component Files used:</h2>

   * Component: ARM::CMSIS:CORE:6.1.0
      Include file:  CMSIS\Core\Include\tz_context.h
Build Time Elapsed:  00:00:01
</pre>
</body>
</html>
