<html>
<body>
<pre>
<h1>µVision Build Log</h1>
<h2>Tool Versions:</h2>
IDE-Version: ¦ÌVision V5.34.0.0
Copyright (C) 2021 ARM Ltd and ARM Germany GmbH. All rights reserved.
License Information: 1 admin, 1, LIC=FQQMA-1PC40-INPA7-ECFEZ-F98MZ-N9GWA
 
Tool Versions:
Toolchain:       MDK-ARM Professional  Version: 5.34.0.0
Toolchain Path:  E:\Keil5_MDK\ARM\ARMCLANG\Bin
C Compiler:      ArmClang.exe V6.16
Assembler:       Armasm.exe V6.16
Linker/Locator:  ArmLink.exe V6.16
Library Manager: ArmAr.exe V6.16
Hex Converter:   FromElf.exe V6.16
CPU DLL:         SARMCM3.DLL V5.34.0.0
Dialog DLL:      DCM.DLL V1.17.3.0
Target DLL:      STLink\ST-LINKIII-KEIL_SWO.dll V3.0.8.0
Dialog DLL:      TCM.DLL V1.48.0.0
 
<h2>Project:</h2>
E:\LIFTNODE\ONGOING-DEV with acc\BASELINE\NODE -FULL-OLED-LED-BEEPER-BUTTON-IMU\PROJECT\MDK-ARM\PROJECT.uvprojx
Project File Date:  10/02/2024

<h2>Output:</h2>
*** Using Compiler 'V6.16', folder: 'E:\Keil5_MDK\ARM\ARMCLANG\Bin'
Build target 'PROJECT'
compiling stm32h7xx_hal_pwr.c...
compiling stm32h7xx_hal_cortex.c...
compiling stm32h7xx_hal_gpio.c...
compiling stm32h7xx_hal_hsem.c...
compiling stm32h7xx_hal_rcc.c...
compiling stm32h7xx_hal_flash.c...
compiling stm32h7xx_hal_flash_ex.c...
compiling stm32h7xx_hal_dma_ex.c...
compiling stm32h7xx_hal_mdma.c...
compiling stm32h7xx_hal_rcc_ex.c...
compiling stm32h7xx_hal_pwr_ex.c...
compiling stm32h7xx_hal.c...
compiling stm32h7xx_hal_dma.c...
compiling stm32h7xx_hal_i2c_ex.c...
compiling stm32h7xx_hal_exti.c...
compiling stm32h7xx_ll_fmc.c...
compiling stm32h7xx_hal_sdram.c...
compiling stm32h7xx_ll_delayblock.c...
compiling stm32h7xx_hal_rtc.c...
compiling stm32h7xx_hal_rtc_ex.c...
compiling stm32h7xx_hal_sd_ex.c...
compiling stm32h7xx_ll_sdmmc.c...
compiling stm32h7xx_hal_spi_ex.c...
compiling stm32h7xx_hal_tim.c...
compiling stm32h7xx_hal_tim_ex.c...
compiling bsp_led.c...
compiling stm32h7xx_hal_uart_ex.c...
compiling system_stm32h7xx.c...
compiling stm32h7xx_hal_sd.c...
compiling bsp_sdram.c...
compiling bsp_memory.c...
compiling bsp_usart.c...
compiling stm32h7xx_hal_i2c.c...
compiling stm32h7xx_hal_spi.c...
compiling bsp_sdcard.c...
compiling font.c...
compiling led_rgb.c...
compiling mpu6050.c...
compiling bsp_file.c...
compiling stm32h7xx_hal_uart.c...
compiling oled.c...
compiling buzzer.c...
compiling ff_gen_drv.c...
compiling diskio.c...
compiling button.c...
compiling syscall.c...
compiling arm_nn_activations_q7.c...
compiling arm_nn_activations_q15.c...
compiling ccsbcs.c...
compiling arm_relu_q7.c...
compiling arm_relu_q15.c...
compiling arm_convolve_1x1_HWC_q7_fast_nonsquare.c...
compiling arm_convolve_HWC_q7_basic.c...
compiling arm_convolve_HWC_q7_basic_nonsquare.c...
compiling arm_convolve_HWC_q7_fast.c...
compiling arm_convolve_HWC_q7_RGB.c...
compiling arm_convolve_HWC_q7_fast_nonsquare.c...
compiling arm_convolve_HWC_q15_basic.c...
compiling arm_convolve_HWC_q15_fast_nonsquare.c...
compiling arm_convolve_HWC_q15_fast.c...
compiling arm_depthwise_conv_u8_basic_ver1.c...
compiling arm_depthwise_separable_conv_HWC_q7.c...
compiling arm_nn_mat_mult_kernel_q7_q15.c...
compiling arm_depthwise_separable_conv_HWC_q7_nonsquare.c...
compiling arm_fully_connected_mat_q7_vec_q15.c...
compiling arm_fully_connected_q7.c...
compiling arm_nn_mat_mult_kernel_q7_q15_reordered.c...
compiling arm_fully_connected_mat_q7_vec_q15_opt.c...
compiling arm_fully_connected_q7_opt.c...
compiling arm_fully_connected_q15.c...
compiling arm_nn_mult_q7.c...
compiling arm_fully_connected_q15_opt.c...
compiling arm_nntables.c...
compiling ff.c...
compiling arm_nn_mult_q15.c...
compiling arm_q7_to_q15_reordered_no_shift.c...
compiling arm_q7_to_q15_no_shift.c...
compiling arm_softmax_q15.c...
compiling arm_softmax_q7.c...
compiling arm_pool_q7_HWC.c...
compiling bsp_driver_sd.c...
compiling fatfs.c...
compiling gpio.c...
compiling dma.c...
compiling sd_diskio.c...
compiling fmc.c...
compiling main.c...
compiling i2c.c...
compiling mdma.c...
compiling rtc.c...
compiling sdmmc.c...
compiling spi.c...
compiling stm32h7xx_hal_msp.c...
compiling stm32h7xx_it.c...
compiling app_control.c...
compiling usart.c...
../APP/diagnosis.c(53): warning: 'sizeof (sensor_data.battery_voltage)' will return the size of the pointer, not the array itself [-Wsizeof-pointer-div]
    metrics.battery_size = sizeof(sensor_data.battery_voltage)/sizeof(sensor_data.battery_voltage[0]);
                           ~~~~~~~~~~~~~~~~~~~~~~~~~~~~~~~~~~~^
../APP/diagnosis.c(68): warning: 'sizeof (sensor_data.temperature)' will return the size of the pointer, not the array itself [-Wsizeof-pointer-div]
    metrics.temperature_size = sizeof(sensor_data.temperature) / sizeof(sensor_data.temperature[0]);
                               ~~~~~~~~~~~~~~~~~~~~~~~~~~~~~~~ ^
../APP/diagnosis.c(83): warning: 'sizeof (sensor_data.acceleration)' will return the size of the pointer, not the array itself [-Wsizeof-pointer-div]
    metrics.acceleration_size = sizeof(sensor_data.acceleration) / sizeof(sensor_data.acceleration[0]);
                                ~~~~~~~~~~~~~~~~~~~~~~~~~~~~~~~~ ^
3 warnings generated.
compiling diagnosis.c...
compiling filesystem.c...
compiling sensing.c...
linking...
Program Size: Code=54320 RO-data=7312 RW-data=108 ZI-data=23548  
FromELF: creating hex file...
"PROJECT\PROJECT.axf" - 0 Error(s), 3 Warning(s).

<h2>Software Packages used:</h2>

Package Vendor: ARM
                https://www.keil.com/pack/ARM.CMSIS.6.1.0.pack
                ARM.CMSIS.6.1.0
                CMSIS (Common Microcontroller Software Interface Standard)
   * Component: CORE Version: 6.1.0

Package Vendor: Keil
                https://www.keil.com/pack/Keil.STM32H7xx_DFP.3.1.1.pack
                Keil.STM32H7xx_DFP.3.1.1
                STMicroelectronics STM32H7 Series Device Support and Examples

<h2>Collection of Component include folders:</h2>
  .\RTE\_PROJECT
  E:\Keil5_MDK\ARM\CMSIS\6.1.0\CMSIS\Core\Include
  E:\Keil5_MDK\Keil\STM32H7xx_DFP\3.1.1\Drivers\CMSIS\Device\ST\STM32H7xx\Include

<h2>Collection of Component Files used:</h2>

   * Component: ARM::CMSIS:CORE:6.1.0
      Include file:  CMSIS\Core\Include\tz_context.h
Build Time Elapsed:  00:00:03
</pre>
</body>
</html>
